     1                                  ;********************************************************************************************************
     2                                  ;エントリポイント
     3                                  ;********************************************************************************************************
     4                                  
     5                                  
     6                                  entry:
     7 00000000 EB58                            jmp ipl                                    ;IPL(Initial Program Loader)(ブートプログラム)へジャンプ
     8                                  
     9                                          ;-----------------------------------
    10                                          ;BPB(BIOS Parameter Block)
    11                                          ;-----------------------------------
    12 00000002 90<rept>                        times   90 - ($ - $$) db 0x90
    13                                  
    14                                          ;-----------------------------------
    15                                          ;IPL(Initial Program Loader)
    16                                          ;-----------------------------------
    17                                  ipl:    
    18                                  
    19                                          ;-----------------------------------
    20                                          ;処理の終了
    21                                          ;-----------------------------------
    22 0000005A EBFE                            jmp     $                               ;while(1); //無限ループ
    23                                  
    24                                  ;********************************************************************************************************
    25                                  ;ブートフラグ(先頭512バイトの終了)
    26                                  ;********************************************************************************************************
    27 0000005C 00<rept>                        times   510 - ($ - $$) db 0x00
    28 000001FE 55AA                            db 0x55, 0xAA
