     1                                  %include    "..\include\define.s"
     1                              <1> SECT_SIZE   equ     (512)                   ;セクタサイズ
     2                              <1> 
     3                              <1> BOOT_LOAD   equ     0x7C00                  ;ブートプログラムのロード位置
     4                              <1> BOOT_END    equ     (BOOT_LOAD + BOOT_SIZE)
     5                              <1> BOOT_SIZE   equ     (1024 * 8)              ;ブートコードサイズ
     6                              <1> BOOT_SECT   equ     (BOOT_SIZE / SECT_SIZE) ;ブートプログラムのセクタ数
     7                              <1> 
     8                              <1> KERNEL_LOAD equ     0x0010_1000
     9                              <1> KERNEL_SIZE equ     (1024*8)                ;カーネルサイズ
    10                              <1> KERNEL_SECT equ     (KERNEL_SIZE / SECT_SIZE)
    11                              <1> 
    12                              <1> E820_RECORD_SIZE    equ 20
     2                                  %include    "..\include\macro.s"
     1                              <1> struc drive
     2 00000000 <res 00000002>      <1>         .no         resw    1           ;ドライブ番号
     3 00000002 <res 00000002>      <1>         .cyln       resw    1           ;シリンダ
     4 00000004 <res 00000002>      <1>         .head       resw    1           ;ヘッド
     5 00000006 <res 00000002>      <1>         .sect       resw    1           ;セクタ
     6                              <1> endstruc
     7                              <1> 
     8                              <1> %macro  cdecl   1-*.nolist
     9                              <1> 
    10                              <1>     %rep    %0 - 1
    11                              <1>         push    %{-1:-1}
    12                              <1>         %rotate -1
    13                              <1>     %endrep
    14                              <1>     %rotate -1
    15                              <1> 
    16                              <1>         call    %1
    17                              <1> 
    18                              <1>     %if 1 < %0
    19                              <1>         add     sp, (__BITS__ >> 3) * (%0 - 1)
    20                              <1>     %endif
    21                              <1> 
    22                              <1> %endmacro
     3                                  
     4                                          ORG     KERNEL_LOAD                             ;カーネルのロードアドレス
     5                                  
     6                                  [BITS 32]
     7                                  ;********************************************************************************************************
     8                                  ;エントリポイント
     9                                  ;********************************************************************************************************
    10                                  kernel:
    11                                          ;---------------------------------------
    12                                          ;処理の終了
    13                                          ;---------------------------------------
    14 00000000 EBFE                            jmp     $                               ;while(1) //無限ループ
    15                                          
    16                                  ;********************************************************************************************************
    17                                  ;パディング
    18                                  ;********************************************************************************************************
    19 00000002 00<rept>                        times KERNEL_SIZE - ($ - $$)    db 0    ;パディング
