     1                                  ;********************************************************************************************************
     2                                  ;マクロ
     3                                  ;********************************************************************************************************
     4                                  %include        "..\include\define.s"
     1                              <1> SECT_SIZE   equ     (512)                   ;セクタサイズ
     2                              <1> 
     3                              <1> BOOT_LOAD   equ     0x7C00                  ;ブートプログラムのロード位置
     4                              <1> BOOT_END    equ     (BOOT_LOAD + BOOT_SIZE)
     5                              <1> BOOT_SIZE   equ     (1024 * 8)              ;ブートコードサイズ
     6                              <1> BOOT_SECT   equ     (BOOT_SIZE / SECT_SIZE) ;ブートプログラムのセクタ数
     7                              <1> 
     8                              <1> KERNEL_LOAD equ     0x0010_1000
     9                              <1> KERNEL_SIZE equ     (1024*8)                ;カーネルサイズ
    10                              <1> KERNEL_SECT equ     (KERNEL_SIZE / SECT_SIZE)
    11                              <1> 
    12                              <1> E820_RECORD_SIZE    equ 20
     5                                  %include        "..\include\macro.s"
     1                              <1> struc drive
     2 00000000 <res 00000002>      <1>         .no         resw    1           ;ドライブ番号
     3 00000002 <res 00000002>      <1>         .cyln       resw    1           ;シリンダ
     4 00000004 <res 00000002>      <1>         .head       resw    1           ;ヘッド
     5 00000006 <res 00000002>      <1>         .sect       resw    1           ;セクタ
     6                              <1> endstruc
     7                              <1> 
     8                              <1> %macro  cdecl   1-*.nolist
     9                              <1> 
    10                              <1>     %rep    %0 - 1
    11                              <1>         push    %{-1:-1}
    12                              <1>         %rotate -1
    13                              <1>     %endrep
    14                              <1>     %rotate -1
    15                              <1> 
    16                              <1>         call    %1
    17                              <1> 
    18                              <1>     %if 1 < %0
    19                              <1>         add     sp, (__BITS__ >> 3) * (%0 - 1)
    20                              <1>     %endif
    21                              <1> 
    22                              <1> %endmacro
     6                                  
     7                                          ORG     KERNEL_LOAD                             ;カーネルのロードアドレス
     8                                  
     9                                  [BITS 32]
    10                                  ;********************************************************************************************************
    11                                  ;エントリポイント
    12                                  ;********************************************************************************************************
    13                                  kernel:
    14                                          ;---------------------------------------
    15                                          ;フォントアドレスを取得
    16                                          ;---------------------------------------
    17 00000000 BE007E0000                      mov     esi, BOOT_LOAD + SECT_SIZE      ;ESI = 0x7C00 + 512
    18 00000005 0FB706                          movzx   eax, word [esi + 0]             ;EAX = [ESI + 0] //セグメント
    19 00000008 0FB75E02                        movzx   ebx, word [esi + 2]             ;EBX = [ESI + 2] //オフセット
    20 0000000C C1E004                          shl     eax, 4                          ;EAX << 4;
    21 0000000F 01D8                            add     eax, ebx                        ;EAX += EBX;
    22 00000011 A3[28000000]                    mov     [FONT_ADR], eax                 ;FONT_ADR[0] = EAX;
    23                                  
    24                                          ;---------------------------------------
    25                                          ;文字の表示
    26                                          ;---------------------------------------
    27 00000016 6A0D6A3FE858010000-             cdecl   draw_font, 63, 13
    27 0000001F 6683C408           
    28                                  
    29                                          ;---------------------------------------
    30                                          ;処理の終了
    31                                          ;---------------------------------------
    32 00000023 EBFE                            jmp     $                               ;while(1) //無限ループ
    33                                  
    34 00000025 00<rept>                ALIGN   4, db   0
    35 00000028 00000000                FONT_ADR:       dd      0
    36                                  
    37                                  ;********************************************************************************************************
    38                                  ;モジュール
    39                                  ;********************************************************************************************************
    40                                  %include        "..\modules\protect\vga.s"
     1                              <1> vga_set_read_plane:
     2                              <1>         ;-----------------------------------
     3                              <1>         ;スタックフレームの構築
     4                              <1>         ;-----------------------------------
     5                              <1>                                             ;   + 8| 読み込みプレーン(0~3)
     6                              <1>                                             ;   + 4| IP(戻り番号)
     7 0000002C 55                  <1>         push   ebp                          ;EBP+ 0| EBP(元の値)
     8 0000002D 89E5                <1>         mov    ebp, esp                     ;------|---------
     9                              <1> 
    10                              <1>         ;-----------------------------------
    11                              <1>         ;レジスタの保存
    12                              <1>         ;-----------------------------------
    13 0000002F 6650                <1>         push    ax
    14 00000031 6652                <1>         push    dx
    15                              <1> 
    16                              <1>         ;---------------------------------------
    17                              <1>         ;読み込みプレーンの選択
    18                              <1>         ;---------------------------------------
    19 00000033 8A6508              <1>         mov     ah, [ebp + 8]                   ;AH = プレーンの選択(3 = 輝度, 2~0 = RGB)
    20 00000036 80E403              <1>         and     ah, 0x03                        ;AH &= 0x03; //余計なビットをマスク
    21 00000039 B004                <1>         mov     al, 0x04                        ;AL = 読み込みマップ選択レジスタ
    22 0000003B 66BACE03            <1>         mov     dx, 0x03CE                      ;DX = グラフィックス制御ポート
    23 0000003F 66EF                <1>         out     dx, ax                          ;//ポート出力
    24                              <1>         
    25                              <1>         ;---------------------------------------
    26                              <1>         ;レジスタの復帰
    27                              <1>         ;---------------------------------------
    28 00000041 665A                <1>         pop     dx
    29 00000043 6658                <1>         pop     ax
    30                              <1> 
    31                              <1>         ;---------------------------------------
    32                              <1>         ;スタックフレームの破棄
    33                              <1>         ;---------------------------------------
    34 00000045 89EC                <1>         mov     esp, ebp
    35 00000047 5D                  <1>         pop     ebp
    36                              <1> 
    37 00000048 C3                  <1>         ret
    38                              <1> 
    39                              <1> vga_set_write_plane:
    40                              <1>         ;-----------------------------------
    41                              <1>         ;スタックフレームの構築
    42                              <1>         ;-----------------------------------
    43                              <1>                                             ;   + 8| 書き込みプレーン
    44                              <1>                                             ;   + 4| IP(戻り番号)
    45 00000049 55                  <1>         push   ebp                          ;EBP+ 0| EBP(元の値)
    46 0000004A 89E5                <1>         mov    ebp, esp                     ;------|---------
    47                              <1> 
    48                              <1>         ;-----------------------------------
    49                              <1>         ;レジスタの保存
    50                              <1>         ;-----------------------------------
    51 0000004C 6650                <1>         push    ax
    52 0000004E 6652                <1>         push    dx
    53                              <1> 
    54                              <1>         ;---------------------------------------
    55                              <1>         ;読み込みプレーンの選択
    56                              <1>         ;---------------------------------------
    57 00000050 8A6508              <1>         mov     ah, [ebp + 8]                   ;AH = プレーンの選択(3 = 輝度, 2~0 = RGB)
    58 00000053 80E40F              <1>         and     ah, 0x0F                        ;AH &= 0x03; //余計なビットをマスク
    59 00000056 B002                <1>         mov     al, 0x02                        ;AL = 読み込みマップ選択レジスタ
    60 00000058 66BAC403            <1>         mov     dx, 0x03C4                      ;DX = グラフィックス制御ポート
    61 0000005C 66EF                <1>         out     dx, ax                          ;//ポート出力
    62                              <1>         
    63                              <1>         ;---------------------------------------
    64                              <1>         ;レジスタの復帰
    65                              <1>         ;---------------------------------------
    66 0000005E 665A                <1>         pop     dx
    67 00000060 6658                <1>         pop     ax
    68                              <1> 
    69                              <1>         ;---------------------------------------
    70                              <1>         ;スタックフレームの破棄
    71                              <1>         ;---------------------------------------
    72 00000062 89EC                <1>         mov     esp, ebp
    73 00000064 5D                  <1>         pop     ebp
    74                              <1> 
    75 00000065 C3                  <1>         ret
    76                              <1> 
    77                              <1> vram_font_copy:
    78                              <1>         ;-----------------------------------
    79                              <1>         ;スタックフレームの構築
    80                              <1>         ;-----------------------------------
    81                              <1>                                             ;EBP+20| 描画色
    82                              <1>                                             ;EBP+16| 出力プレーン(1つのプレーンのみをビットで指定)
    83                              <1>                                             ;EBP+12| VRAMアドレス
    84                              <1>                                             ;   + 8| FONTアドレス
    85                              <1>                                             ;   + 4| IP(戻り番号)
    86 00000066 55                  <1>         push   ebp                          ;EBP+ 0| EBP(元の値)
    87 00000067 89E5                <1>         mov    ebp, esp                     ;------|---------
    88                              <1> 
    89                              <1>         ;-----------------------------------
    90                              <1>         ;レジスタの保存
    91                              <1>         ;-----------------------------------
    92 00000069 50                  <1>         push    eax
    93 0000006A 53                  <1>         push    ebx
    94 0000006B 51                  <1>         push    ecx
    95 0000006C 57                  <1>         push    edi
    96 0000006D 52                  <1>         push    edx
    97 0000006E 56                  <1>         push    esi
    98                              <1> 
    99                              <1>         ;---------------------------------------
   100                              <1>         ;引数を変数に代入
   101                              <1>         ;---------------------------------------
   102 0000006F 8B7508              <1>         mov     esi, [ebp + 8]                  ;ESI = フォントアドレス;
   103 00000072 8B7D0C              <1>         mov     edi, [ebp +12]                  ;EDI = VRAMアドレス;
   104 00000075 0FB64510            <1>         movzx   eax, byte [ebp +16]             ;EAX = プレーン(ビット指定);
   105 00000079 0FB75D14            <1>         movzx   ebx, word [ebp +20]             ;EBX = 描画色
   106                              <1> 
   107                              <1>         ;---------------------------------------
   108                              <1>         ;マスクデータを作成(プレーンと景色が一致時に0xFFに。不一致時に0x00に。)
   109                              <1>         ;---------------------------------------
   110 0000007D 84C7                <1>         test    bh, al                          ;ZF = (背景色 & プレーン)
   111 0000007F 0F94C6              <1>         setz    dh                              ;if(ZF == 1){ DH = 0x00; }else{ DH = 0x01;}
   112 00000082 FECE                <1>         dec     dh                              ;DH--; // 0xFF or 0x00
   113                              <1> 
   114 00000084 84C3                <1>         test    bl, al                          ;ZF = (前景色 & プレーン);
   115 00000086 0F94C2              <1>         setz    dl                              ;if(ZF == 1){ DL = 0x00; }else{ DL = 0x01;}
   116 00000089 FECA                <1>         dec     dl                              ;DL--; //0xFF or 0x00
   117                              <1> 
   118                              <1>         ;---------------------------------------
   119                              <1>         ;16ビットフォントのコピー
   120                              <1>         ;---------------------------------------
   121 0000008B FC                  <1>         cld                                     ;DF = 0; //アドレス加算
   122                              <1> 
   123 0000008C B910000000          <1>         mov     ecx, 16                         ;ECX = 16; //16ドット
   124                              <1> .10L:                                           ;do
   125                              <1>                                                 ;{
   126                              <1>         ;---------------------------------------
   127                              <1>         ;フォントマスクの作成
   128                              <1>         ;---------------------------------------
   129 00000091 AC                  <1>         lodsb                                   ;   AL = *ESI++; //フォント
   130 00000092 88C4                <1>         mov     ah, al                          ;   AH = AL;
   131 00000094 F6D4                <1>         not     ah                              ;   AH ~= AH; //!フォント(ビット反転)
   132                              <1> 
   133                              <1>         ;---------------------------------------
   134                              <1>         ;前景色
   135                              <1>         ;---------------------------------------
   136 00000096 20D0                <1>         and     al, dl                          ;   AL = 前景色 & フォント;
   137                              <1> 
   138                              <1>         ;---------------------------------------
   139                              <1>         ;背景色
   140                              <1>         ;---------------------------------------
   141 00000098 F7C310000000        <1>         test    ebx, 0x0010                     ;if(透過モード)
   142 0000009E 7404                <1>         jz      .11F                            ;{
   143 000000A0 2227                <1>         and     ah, [edi]                       ;   AH = !フォント & [EDI] //現在値
   144 000000A2 EB02                <1>         jmp     .11E                            ;}
   145                              <1> .11F:                                           ;else
   146                              <1>                                                 ;{
   147 000000A4 20F4                <1>         and     ah, dh                          ;   AH = !フォント & 背景色
   148                              <1> .11E:                                           ;}
   149                              <1> 
   150                              <1>         ;---------------------------------------
   151                              <1>         ;前景色と背景色を合成
   152                              <1>         ;---------------------------------------
   153 000000A6 08E0                <1>         or  al, ah                              ;   AL = 背景 | 前景;
   154                              <1> 
   155                              <1>         ;---------------------------------------
   156                              <1>         ;新しい値を出力（VRAMに代入)
   157                              <1>         ;---------------------------------------
   158 000000A8 8807                <1>         mov     [edi], al                       ;   [EDI] = AL; //プレーンに書き込む
   159                              <1> 
   160 000000AA 83C750              <1>         add     edi, 80                         ;   EDI += 80;
   161 000000AD E2E2                <1>         loop    .10L                            ;}while(--ECX);
   162                              <1> .10E:
   163                              <1>         ;---------------------------------------
   164                              <1>         ;レジスタの復帰
   165                              <1>         ;---------------------------------------
   166 000000AF 5E                  <1>         pop     esi
   167 000000B0 5A                  <1>         pop     edx
   168 000000B1 5F                  <1>         pop     edi
   169 000000B2 59                  <1>         pop     ecx
   170 000000B3 5B                  <1>         pop     ebx
   171 000000B4 58                  <1>         pop     eax
   172                              <1> 
   173                              <1>         ;---------------------------------------
   174                              <1>         ;スタックフレームの破棄
   175                              <1>         ;---------------------------------------
   176 000000B5 89EC                <1>         mov     esp, ebp
   177 000000B7 5D                  <1>         pop     ebp
   178                              <1> 
   179 000000B8 C3                  <1>         ret
    41                                  %include        "..\modules\protect\draw_char.s"
     1                              <1> draw_char:
     2                              <1>         ;-----------------------------------
     3                              <1>         ;スタックフレームの構築
     4                              <1>         ;-----------------------------------
     5                              <1>                                             ;   +20| 文字
     6                              <1>                                             ;   +16| 描画色
     7                              <1>                                             ;   +12| 行(0~29)
     8                              <1>                                             ;   + 8| 列(0~79)
     9                              <1>                                             ;   + 4| IP(戻り番号)
    10 000000B9 55                  <1>         push   ebp                          ;EBP+ 0| EBP(元の値)
    11 000000BA 89E5                <1>         mov    ebp, esp                     ;------|---------
    12                              <1> 
    13                              <1>         ;-----------------------------------
    14                              <1>         ;レジスタの保存
    15                              <1>         ;-----------------------------------
    16 000000BC 53                  <1>         push    ebx
    17 000000BD 57                  <1>         push    edi
    18 000000BE 56                  <1>         push    esi
    19                              <1> 
    20                              <1>         ;---------------------------------------
    21                              <1>         ;コピー元フォントアドレスを設定
    22                              <1>         ;---------------------------------------
    23 000000BF 0FB67514            <1>         movzx   esi, byte [ebp +20]             ;CL = 文字コード;
    24 000000C3 C1E604              <1>         shl     esi, 4                          ;CL *= 16; //1文字16バイト
    25 000000C6 0335[28000000]      <1>         add     esi, [FONT_ADR]                 ;ESI = フォントアドレス;
    26                              <1> 
    27                              <1>         ;---------------------------------------
    28                              <1>         ;コピー先アドレスを取得
    29                              <1>         ;adr = 0xA0000 + (640 / 8 * 16) * y + x
    30                              <1>         ;---------------------------------------
    31 000000CC 8B7D0C              <1>         mov     edi, [ebp +12]                  ;Y(行)
    32 000000CF C1E708              <1>         shl     edi, 8                          ;EDI = Y * 256;
    33 000000D2 8DBCBF00000A00      <1>         lea     edi, [edi * 4 + edi + 0xA0000]  ;EDI = Y * 4 + Y;
    34 000000D9 037D08              <1>         add     edi, [ebp + 8]                  ;X(列)
    35                              <1> 
    36                              <1>         ;---------------------------------------
    37                              <1>         ;1文字文のフォントを出力
    38                              <1>         ;---------------------------------------
    39 000000DC 0FB75D10            <1>         movzx   ebx, word [ebp +16]             ; //表示色
    40                              <1> 
    41 000000E0 6A03E845FFFFFF6683- <1>         cdecl   vga_set_read_plane, 0x03        ;//読み込みプレーン:輝度(I)
    41 000000E9 C404                <1>
    42 000000EB 6A08E857FFFFFF6683- <1>         cdecl   vga_set_write_plane, 0x08       ;//書き込みプレーン:輝度(I)
    42 000000F4 C404                <1>
    43 000000F6 536A085756E866FFFF- <1>         cdecl   vram_font_copy, esi, edi, 0x08, ebx
    43 000000FF FF6683C410          <1>
    44                              <1>         
    45 00000104 6A02E821FFFFFF6683- <1>         cdecl   vga_set_read_plane, 0x02        ;//読み込みプレーン:赤(R)
    45 0000010D C404                <1>
    46 0000010F 6A04E833FFFFFF6683- <1>         cdecl   vga_set_write_plane, 0x04       ;//書き込みプレーン:赤(R)
    46 00000118 C404                <1>
    47 0000011A 536A045756E842FFFF- <1>         cdecl   vram_font_copy, esi, edi, 0x04, ebx
    47 00000123 FF6683C410          <1>
    48                              <1> 
    49 00000128 6A01E8FDFEFFFF6683- <1>         cdecl   vga_set_read_plane, 0x01        ;//読み込みプレーン:緑(G)
    49 00000131 C404                <1>
    50 00000133 6A02E80FFFFFFF6683- <1>         cdecl   vga_set_write_plane, 0x02       ;//書き込みプレーン:緑(G)
    50 0000013C C404                <1>
    51 0000013E 536A025756E81EFFFF- <1>         cdecl   vram_font_copy, esi, edi, 0x02, ebx
    51 00000147 FF6683C410          <1>
    52                              <1> 
    53 0000014C 6A00E8D9FEFFFF6683- <1>         cdecl   vga_set_read_plane, 0x00        ;//読み込みプレーン:青(B)
    53 00000155 C404                <1>
    54 00000157 6A01E8EBFEFFFF6683- <1>         cdecl   vga_set_write_plane, 0x01       ;//書き込みプレーン:青(B)
    54 00000160 C404                <1>
    55 00000162 536A015756E8FAFEFF- <1>         cdecl   vram_font_copy, esi, edi, 0x01, ebx
    55 0000016B FF6683C410          <1>
    56                              <1> 
    57                              <1>         ;---------------------------------------
    58                              <1>         ;レジスタの復帰
    59                              <1>         ;---------------------------------------
    60 00000170 5E                  <1>         pop     esi
    61 00000171 5F                  <1>         pop     edi
    62 00000172 5B                  <1>         pop     ebx
    63                              <1> 
    64                              <1>         ;---------------------------------------
    65                              <1>         ;スタックフレームの破棄
    66                              <1>         ;---------------------------------------
    67 00000173 89EC                <1>         mov     esp, ebp
    68 00000175 5D                  <1>         pop     ebp
    69                              <1> 
    70 00000176 C3                  <1>         ret
    42                                  %include        "..\modules\protect\draw_font.s"
     1                              <1> draw_font:
     2                              <1>         ;-----------------------------------
     3                              <1>         ;スタックフレームの構築
     4                              <1>         ;-----------------------------------
     5                              <1>                                             ;   +12| Y(行)
     6                              <1>                                             ;   + 8| X(列)
     7                              <1>                                             ;   + 4| IP(戻り番号)
     8 00000177 55                  <1>         push   ebp                          ;EBP+ 0| EBP(元の値)
     9 00000178 89E5                <1>         mov    ebp, esp                     ;------|---------
    10                              <1> 
    11                              <1>         ;-----------------------------------
    12                              <1>         ;レジスタの保存
    13                              <1>         ;-----------------------------------
    14 0000017A 50                  <1>         push    eax
    15 0000017B 53                  <1>         push    ebx
    16 0000017C 51                  <1>         push    ecx
    17 0000017D 57                  <1>         push    edi
    18 0000017E 56                  <1>         push    esi
    19                              <1> 
    20                              <1>         ;---------------------------------------
    21                              <1>         ;コピー元フォントアドレスを設定
    22                              <1>         ;---------------------------------------
    23 0000017F 8B7508              <1>         mov     esi, [ebp + 8]                  ;ESI = X(列)
    24 00000182 8B7D0C              <1>         mov     edi, [ebp +12]                  ;EDI = Y(行)
    25                              <1> 
    26                              <1>         ;---------------------------------------
    27                              <1>         ;コピー先アドレスを取得
    28                              <1>         ;---------------------------------------
    29 00000185 B900000000          <1>         mov     ecx, 0                          ;for(ECX = 0;
    30 0000018A 81F900010000        <1> .10L:   cmp     ecx, 256                        ;    ECX < 256;
    31 00000190 731F                <1>         jae     .10E                            ;
    32                              <1>                                                 ;    ECX++)
    33                              <1>                                                 ;{
    34                              <1>         ;---------------------------------------
    35                              <1>         ;表示する桁位置を計算
    36                              <1>         ;---------------------------------------
    37 00000192 89C8                <1>         mov     eax, ecx                        ;   EAX = ECX;
    38 00000194 83E00F              <1>         and     eax, 0x0F                       ;   EAX &= 0x0F;
    39 00000197 01F0                <1>         add     eax, esi                        ;   EAX += X;
    40                              <1>         ;---------------------------------------
    41                              <1>         ;表示する行位置を計算
    42                              <1>         ;---------------------------------------
    43 00000199 89CB                <1>         mov     ebx, ecx                        ;   EBX = ECX;
    44 0000019B C1EB04              <1>         shr     ebx, 4                          ;   EBX /= 16;
    45 0000019E 01FB                <1>         add     ebx, edi                        ;   EBX += Y;
    46                              <1>         
    47 000001A0 516A075350E80FFFFF- <1>         cdecl   draw_char, eax, ebx, 0x07, ecx  ;   draw_char();
    47 000001A9 FF6683C410          <1>
    48                              <1> 
    49 000001AE 41                  <1>         inc     ecx                             ;   //for(... ECX++)
    50 000001AF EBD9                <1>         jmp     .10L                            ;
    51                              <1> .10E:                                           ;}
    52                              <1> 
    53                              <1>         ;---------------------------------------
    54                              <1>         ;レジスタの復帰
    55                              <1>         ;---------------------------------------
    56 000001B1 5E                  <1>         pop     esi
    57 000001B2 5F                  <1>         pop     edi
    58 000001B3 59                  <1>         pop     ecx
    59 000001B4 5B                  <1>         pop     ebx
    60 000001B5 58                  <1>         pop     eax
    61                              <1> 
    62                              <1>         ;---------------------------------------
    63                              <1>         ;スタックフレームの破棄
    64                              <1>         ;---------------------------------------
    65 000001B6 89EC                <1>         mov     esp, ebp
    66 000001B8 5D                  <1>         pop     ebp
    67                              <1> 
    68 000001B9 C3                  <1>         ret
    43                                  
    44                                  ;********************************************************************************************************
    45                                  ;パディング
    46                                  ;********************************************************************************************************
    47 000001BA 00<rept>                        times KERNEL_SIZE - ($ - $$)    db 0    ;パディング
